Component: ARM Compiler 5.06 update 5 (build 528) Tool: armlink [4d35e2]

==============================================================================

Section Cross References

    main.o(RESET) refers to main.o(MyData_FLASH) for inputmas
    main.o(RESET) refers to main.o(MyData_RAM) for outmass1


==============================================================================

Image Symbol Table

    Local Symbols

    Symbol Name                              Value     Ov Type        Size  Object(Section)

    main.s                                   0x00000000   Number         0  main.o ABSOLUTE
    RESET                                    0x08000000   Section      108  main.o(RESET)
    Start                                    0x08000009   Thumb Code    38  main.o(RESET)
    minus                                    0x0800002f   Thumb Code    28  main.o(RESET)
    write                                    0x0800004b   Thumb Code    22  main.o(RESET)
    MyData_FLASH                             0x0800006c   Section       20  main.o(MyData_FLASH)
    inputmas                                 0x0800006c   Data          20  main.o(MyData_FLASH)
    MyData_RAM                               0x20000000   Section       20  main.o(MyData_RAM)
    outmass1                                 0x20000000   Data          20  main.o(MyData_RAM)

    Global Symbols

    Symbol Name                              Value     Ov Type        Size  Object(Section)

    BuildAttributes$$THM_ISAv4$P$D$K$B$S$PE$A:L22UL41UL21$X:L11$S22US41US21$IEEE1$IW$USESV6$~STKCKD$USESV7$~SHL$OSPACE$EBA8$STANDARDLIB$PRES8$EABIv2 0x00000000   Number         0  anon$$obj.o ABSOLUTE



==============================================================================

Memory Map of the image

  Image Entry point : 0x08000009

  Load Region LR_IROM1 (Base: 0x08000000, Size: 0x00000094, Max: 0x00010000, ABSOLUTE)

    Execution Region ER_IROM1 (Exec base: 0x08000000, Load base: 0x08000000, Size: 0x00000080, Max: 0x00010000, ABSOLUTE)

    Exec Addr    Load Addr    Size         Type   Attr      Idx    E Section Name        Object

    0x08000000   0x08000000   0x0000006c   Code   RO            3  * RESET               main.o
    0x0800006c   0x0800006c   0x00000014   Data   RO            2    MyData_FLASH        main.o


    Execution Region RW_IRAM1 (Exec base: 0x20000000, Load base: 0x08000080, Size: 0x00000014, Max: 0x00005000, ABSOLUTE)

    Exec Addr    Load Addr    Size         Type   Attr      Idx    E Section Name        Object

    0x20000000   0x08000080   0x00000014   Data   RW            1    MyData_RAM          main.o


==============================================================================

Image component sizes


      Code (inc. data)   RO Data    RW Data    ZI Data      Debug   Object Name

       108         18         20         20          0        404   main.o

    ----------------------------------------------------------------------
       108         18         20         20          0        404   Object Totals
         0          0          0          0          0          0   (incl. Generated)
         0          0          0          0          0          0   (incl. Padding)

    ----------------------------------------------------------------------
         0          0          0          0          0          0   Library Totals
         0          0          0          0          0          0   (incl. Padding)

    ----------------------------------------------------------------------

==============================================================================


      Code (inc. data)   RO Data    RW Data    ZI Data      Debug   

       108         18         20         20          0        404   Grand Totals
       108         18         20         20          0        404   ELF Image Totals
       108         18         20         20          0          0   ROM Totals

==============================================================================

    Total RO  Size (Code + RO Data)                  128 (   0.13kB)
    Total RW  Size (RW Data + ZI Data)                20 (   0.02kB)
    Total ROM Size (Code + RO Data + RW Data)        148 (   0.14kB)

==============================================================================

